1
09:00 18:00
30
09:00 1 user1
09:05 2 user1 1
09:10 2 user1 1
09:15 2 user2 1
09:20 4 user2
09:25 4 user1